-----------------
loading CUDA 12.4
-----------------


CondaError: Run 'conda init' before 'conda deactivate'

/home/foobarbaz911/VLM-R1/src/open-r1-multimodal/.venv/lib/python3.12/site-packages/transformers/utils/hub.py:110: FutureWarning: Using `TRANSFORMERS_CACHE` is deprecated and will be removed in v5 of Transformers. Use `HF_HOME` instead.
  warnings.warn(
/home/foobarbaz911/VLM-R1/src/open-r1-multimodal/.venv/lib/python3.12/site-packages/transformers/utils/hub.py:110: FutureWarning: Using `TRANSFORMERS_CACHE` is deprecated and will be removed in v5 of Transformers. Use `HF_HOME` instead.
  warnings.warn(
/home/foobarbaz911/VLM-R1/src/open-r1-multimodal/.venv/lib/python3.12/site-packages/transformers/utils/hub.py:110: FutureWarning: Using `TRANSFORMERS_CACHE` is deprecated and will be removed in v5 of Transformers. Use `HF_HOME` instead.
  warnings.warn(
/home/foobarbaz911/VLM-R1/src/open-r1-multimodal/.venv/lib/python3.12/site-packages/transformers/utils/hub.py:110: FutureWarning: Using `TRANSFORMERS_CACHE` is deprecated and will be removed in v5 of Transformers. Use `HF_HOME` instead.
  warnings.warn(
/home/foobarbaz911/VLM-R1/src/open-r1-multimodal/.venv/lib/python3.12/site-packages/transformers/utils/hub.py:110: FutureWarning: Using `TRANSFORMERS_CACHE` is deprecated and will be removed in v5 of Transformers. Use `HF_HOME` instead.
  warnings.warn(
/home/foobarbaz911/VLM-R1/src/open-r1-multimodal/.venv/lib/python3.12/site-packages/transformers/utils/hub.py:110: FutureWarning: Using `TRANSFORMERS_CACHE` is deprecated and will be removed in v5 of Transformers. Use `HF_HOME` instead.
  warnings.warn(
/home/foobarbaz911/VLM-R1/src/open-r1-multimodal/.venv/lib/python3.12/site-packages/transformers/utils/hub.py:110: FutureWarning: Using `TRANSFORMERS_CACHE` is deprecated and will be removed in v5 of Transformers. Use `HF_HOME` instead.
  warnings.warn(
[rank0]: Traceback (most recent call last):
[rank0]:   File "<frozen runpy>", line 198, in _run_module_as_main
[rank0]:   File "<frozen runpy>", line 88, in _run_code
[rank0]:   File "/home/foobarbaz911/VLM-R1/src/open-r1-multimodal/src/open_r1/grpo_jsonl.py", line 1080, in <module>
[rank0]:     main(script_args, training_args, model_args)
[rank0]:   File "/home/foobarbaz911/VLM-R1/src/open-r1-multimodal/src/open_r1/grpo_jsonl.py", line 966, in main
[rank0]:     item = json.loads(line)
[rank0]:            ^^^^^^^^^^^^^^^^
[rank0]:   File "/work/HPC_software/LMOD/miniconda3/miniconda3_app/24.11.1/lib/python3.12/json/__init__.py", line 346, in loads
[rank0]:     return _default_decoder.decode(s)
[rank0]:            ^^^^^^^^^^^^^^^^^^^^^^^^^^
[rank0]:   File "/work/HPC_software/LMOD/miniconda3/miniconda3_app/24.11.1/lib/python3.12/json/decoder.py", line 338, in decode
[rank0]:     obj, end = self.raw_decode(s, idx=_w(s, 0).end())
[rank0]:                ^^^^^^^^^^^^^^^^^^^^^^^^^^^^^^^^^^^^^^
[rank0]:   File "/work/HPC_software/LMOD/miniconda3/miniconda3_app/24.11.1/lib/python3.12/json/decoder.py", line 356, in raw_decode
[rank0]:     raise JSONDecodeError("Expecting value", s, err.value) from None
[rank0]: json.decoder.JSONDecodeError: Expecting value: line 2 column 1 (char 2)
[rank3]: Traceback (most recent call last):
[rank3]:   File "<frozen runpy>", line 198, in _run_module_as_main
[rank3]:   File "<frozen runpy>", line 88, in _run_code
[rank3]:   File "/home/foobarbaz911/VLM-R1/src/open-r1-multimodal/src/open_r1/grpo_jsonl.py", line 1080, in <module>
[rank3]:     main(script_args, training_args, model_args)
[rank3]:   File "/home/foobarbaz911/VLM-R1/src/open-r1-multimodal/src/open_r1/grpo_jsonl.py", line 966, in main
[rank3]:     item = json.loads(line)
[rank3]:            ^^^^^^^^^^^^^^^^
[rank3]:   File "/work/HPC_software/LMOD/miniconda3/miniconda3_app/24.11.1/lib/python3.12/json/__init__.py", line 346, in loads
[rank3]:     return _default_decoder.decode(s)
[rank3]:            ^^^^^^^^^^^^^^^^^^^^^^^^^^
[rank3]:   File "/work/HPC_software/LMOD/miniconda3/miniconda3_app/24.11.1/lib/python3.12/json/decoder.py", line 338, in decode
[rank3]:     obj, end = self.raw_decode(s, idx=_w(s, 0).end())
[rank3]:                ^^^^^^^^^^^^^^^^^^^^^^^^^^^^^^^^^^^^^^
[rank3]:   File "/work/HPC_software/LMOD/miniconda3/miniconda3_app/24.11.1/lib/python3.12/json/decoder.py", line 356, in raw_decode
[rank3]:     raise JSONDecodeError("Expecting value", s, err.value) from None
[rank3]: json.decoder.JSONDecodeError: Expecting value: line 2 column 1 (char 2)
[rank1]: Traceback (most recent call last):
[rank1]:   File "<frozen runpy>", line 198, in _run_module_as_main
[rank1]:   File "<frozen runpy>", line 88, in _run_code
[rank1]:   File "/home/foobarbaz911/VLM-R1/src/open-r1-multimodal/src/open_r1/grpo_jsonl.py", line 1080, in <module>
[rank1]:     main(script_args, training_args, model_args)
[rank1]:   File "/home/foobarbaz911/VLM-R1/src/open-r1-multimodal/src/open_r1/grpo_jsonl.py", line 966, in main
[rank1]:     item = json.loads(line)
[rank1]:            ^^^^^^^^^^^^^^^^
[rank1]:   File "/work/HPC_software/LMOD/miniconda3/miniconda3_app/24.11.1/lib/python3.12/json/__init__.py", line 346, in loads
[rank1]:     return _default_decoder.decode(s)
[rank1]:            ^^^^^^^^^^^^^^^^^^^^^^^^^^
[rank1]:   File "/work/HPC_software/LMOD/miniconda3/miniconda3_app/24.11.1/lib/python3.12/json/decoder.py", line 338, in decode
[rank1]:     obj, end = self.raw_decode(s, idx=_w(s, 0).end())
[rank1]:                ^^^^^^^^^^^^^^^^^^^^^^^^^^^^^^^^^^^^^^
[rank1]:   File "/work/HPC_software/LMOD/miniconda3/miniconda3_app/24.11.1/lib/python3.12/json/decoder.py", line 356, in raw_decode
[rank1]:     raise JSONDecodeError("Expecting value", s, err.value) from None
[rank1]: json.decoder.JSONDecodeError: Expecting value: line 2 column 1 (char 2)
[rank2]: Traceback (most recent call last):
[rank2]:   File "<frozen runpy>", line 198, in _run_module_as_main
[rank2]:   File "<frozen runpy>", line 88, in _run_code
[rank2]:   File "/home/foobarbaz911/VLM-R1/src/open-r1-multimodal/src/open_r1/grpo_jsonl.py", line 1080, in <module>
[rank2]:     main(script_args, training_args, model_args)
[rank2]:   File "/home/foobarbaz911/VLM-R1/src/open-r1-multimodal/src/open_r1/grpo_jsonl.py", line 966, in main
[rank2]:     item = json.loads(line)
[rank2]:            ^^^^^^^^^^^^^^^^
[rank2]:   File "/work/HPC_software/LMOD/miniconda3/miniconda3_app/24.11.1/lib/python3.12/json/__init__.py", line 346, in loads
[rank2]:     return _default_decoder.decode(s)
[rank2]:            ^^^^^^^^^^^^^^^^^^^^^^^^^^
[rank2]:   File "/work/HPC_software/LMOD/miniconda3/miniconda3_app/24.11.1/lib/python3.12/json/decoder.py", line 338, in decode
[rank2]:     obj, end = self.raw_decode(s, idx=_w(s, 0).end())
[rank2]:                ^^^^^^^^^^^^^^^^^^^^^^^^^^^^^^^^^^^^^^
[rank2]:   File "/work/HPC_software/LMOD/miniconda3/miniconda3_app/24.11.1/lib/python3.12/json/decoder.py", line 356, in raw_decode
[rank2]:     raise JSONDecodeError("Expecting value", s, err.value) from None
[rank2]: json.decoder.JSONDecodeError: Expecting value: line 2 column 1 (char 2)
[rank0]:[W305 12:12:29.072188421 ProcessGroupNCCL.cpp:1553] Warning: WARNING: destroy_process_group() was not called before program exit, which can leak resources. For more info, please see https://pytorch.org/docs/stable/distributed.html#shutdown (function operator())
[rank2]:[W305 12:12:30.253481789 TCPStore.cpp:125] [c10d] recvValue failed on SocketImpl(fd=43, addr=[localhost]:55422, remote=[localhost]:29500): Failed to recv, got 0 bytes. Connection was likely closed. Did the remote server shutdown or crash?
Exception raised from recvBytes at /pytorch/torch/csrc/distributed/c10d/Utils.hpp:682 (most recent call first):
frame #0: c10::Error::Error(c10::SourceLocation, std::__cxx11::basic_string<char, std::char_traits<char>, std::allocator<char> >) + 0x9d (0x149b6205dfdd in /home/foobarbaz911/VLM-R1/src/open-r1-multimodal/.venv/lib/python3.12/site-packages/torch/lib/libc10.so)
frame #1: <unknown function> + 0x6a3325d (0x149ba61ec25d in /home/foobarbaz911/VLM-R1/src/open-r1-multimodal/.venv/lib/python3.12/site-packages/torch/lib/libtorch_cpu.so)
frame #2: c10d::TCPStore::check(std::vector<std::__cxx11::basic_string<char, std::char_traits<char>, std::allocator<char> >, std::allocator<std::__cxx11::basic_string<char, std::char_traits<char>, std::allocator<char> > > > const&) + 0x273 (0x149ba61ea1f3 in /home/foobarbaz911/VLM-R1/src/open-r1-multimodal/.venv/lib/python3.12/site-packages/torch/lib/libtorch_cpu.so)
frame #3: c10d::ProcessGroupNCCL::HeartbeatMonitor::runLoop() + 0x44c (0x149b632cceec in /home/foobarbaz911/VLM-R1/src/open-r1-multimodal/.venv/lib/python3.12/site-packages/torch/lib/libtorch_cuda.so)
frame #4: <unknown function> + 0xdbbf4 (0x149c8f450bf4 in /work/HPC_software/LMOD/miniconda3/miniconda3_app/24.11.1/bin/../lib/libstdc++.so.6)
frame #5: <unknown function> + 0x81ca (0x149c94b111ca in /lib64/libpthread.so.0)
frame #6: clone + 0x43 (0x149c93fe18d3 in /lib64/libc.so.6)

[rank1]:[W305 12:12:30.253480935 TCPStore.cpp:125] [c10d] recvValue failed on SocketImpl(fd=43, addr=[localhost]:55424, remote=[localhost]:29500): Failed to recv, got 0 bytes. Connection was likely closed. Did the remote server shutdown or crash?
Exception raised from recvBytes at /pytorch/torch/csrc/distributed/c10d/Utils.hpp:682 (most recent call first):
frame #0: c10::Error::Error(c10::SourceLocation, std::__cxx11::basic_string<char, std::char_traits<char>, std::allocator<char> >) + 0x9d (0x14649cf02fdd in /home/foobarbaz911/VLM-R1/src/open-r1-multimodal/.venv/lib/python3.12/site-packages/torch/lib/libc10.so)
frame #1: <unknown function> + 0x6a3325d (0x1464e109125d in /home/foobarbaz911/VLM-R1/src/open-r1-multimodal/.venv/lib/python3.12/site-packages/torch/lib/libtorch_cpu.so)
frame #2: c10d::TCPStore::check(std::vector<std::__cxx11::basic_string<char, std::char_traits<char>, std::allocator<char> >, std::allocator<std::__cxx11::basic_string<char, std::char_traits<char>, std::allocator<char> > > > const&) + 0x273 (0x1464e108f1f3 in /home/foobarbaz911/VLM-R1/src/open-r1-multimodal/.venv/lib/python3.12/site-packages/torch/lib/libtorch_cpu.so)
frame #3: c10d::ProcessGroupNCCL::HeartbeatMonitor::runLoop() + 0x44c (0x14649e171eec in /home/foobarbaz911/VLM-R1/src/open-r1-multimodal/.venv/lib/python3.12/site-packages/torch/lib/libtorch_cuda.so)
frame #4: <unknown function> + 0xdbbf4 (0x1465ca3f5bf4 in /work/HPC_software/LMOD/miniconda3/miniconda3_app/24.11.1/bin/../lib/libstdc++.so.6)
frame #5: <unknown function> + 0x81ca (0x1465cf9b61ca in /lib64/libpthread.so.0)
frame #6: clone + 0x43 (0x1465cee868d3 in /lib64/libc.so.6)

[rank2]:[W305 12:12:30.255656046 ProcessGroupNCCL.cpp:1802] [PG ID 0 PG GUID 0 Rank 2] Failed to check the "should dump" flag on TCPStore, (maybe TCPStore server has shut down too early), with error: Failed to recv, got 0 bytes. Connection was likely closed. Did the remote server shutdown or crash?
[rank1]:[W305 12:12:30.255660246 ProcessGroupNCCL.cpp:1802] [PG ID 0 PG GUID 0 Rank 1] Failed to check the "should dump" flag on TCPStore, (maybe TCPStore server has shut down too early), with error: Failed to recv, got 0 bytes. Connection was likely closed. Did the remote server shutdown or crash?
