-----------------
loading CUDA 12.4
-----------------

/home/foobarbaz911/VLM-R1/src/open-r1-multimodal/.venv310_cu124/lib/python3.10/site-packages/transformers/utils/hub.py:110: FutureWarning: Using `TRANSFORMERS_CACHE` is deprecated and will be removed in v5 of Transformers. Use `HF_HOME` instead.
  warnings.warn(
/home/foobarbaz911/VLM-R1/src/open-r1-multimodal/.venv310_cu124/lib/python3.10/site-packages/transformers/utils/hub.py:110: FutureWarning: Using `TRANSFORMERS_CACHE` is deprecated and will be removed in v5 of Transformers. Use `HF_HOME` instead.
  warnings.warn(
/home/foobarbaz911/VLM-R1/src/open-r1-multimodal/.venv310_cu124/lib/python3.10/site-packages/transformers/utils/hub.py:110: FutureWarning: Using `TRANSFORMERS_CACHE` is deprecated and will be removed in v5 of Transformers. Use `HF_HOME` instead.
  warnings.warn(
/home/foobarbaz911/VLM-R1/src/open-r1-multimodal/.venv310_cu124/lib/python3.10/site-packages/transformers/utils/hub.py:110: FutureWarning: Using `TRANSFORMERS_CACHE` is deprecated and will be removed in v5 of Transformers. Use `HF_HOME` instead.
  warnings.warn(
/home/foobarbaz911/VLM-R1/src/open-r1-multimodal/.venv310_cu124/lib/python3.10/site-packages/transformers/utils/hub.py:110: FutureWarning: Using `TRANSFORMERS_CACHE` is deprecated and will be removed in v5 of Transformers. Use `HF_HOME` instead.
  warnings.warn(
/home/foobarbaz911/VLM-R1/src/open-r1-multimodal/.venv310_cu124/lib/python3.10/site-packages/transformers/utils/hub.py:110: FutureWarning: Using `TRANSFORMERS_CACHE` is deprecated and will be removed in v5 of Transformers. Use `HF_HOME` instead.
  warnings.warn(
/home/foobarbaz911/VLM-R1/src/open-r1-multimodal/.venv310_cu124/lib/python3.10/site-packages/transformers/utils/hub.py:110: FutureWarning: Using `TRANSFORMERS_CACHE` is deprecated and will be removed in v5 of Transformers. Use `HF_HOME` instead.
  warnings.warn(
/home/foobarbaz911/VLM-R1/src/open-r1-multimodal/.venv310_cu124/lib/python3.10/site-packages/transformers/utils/hub.py:110: FutureWarning: Using `TRANSFORMERS_CACHE` is deprecated and will be removed in v5 of Transformers. Use `HF_HOME` instead.
  warnings.warn(
/home/foobarbaz911/VLM-R1/src/open-r1-multimodal/.venv310_cu124/lib/python3.10/site-packages/transformers/utils/hub.py:110: FutureWarning: Using `TRANSFORMERS_CACHE` is deprecated and will be removed in v5 of Transformers. Use `HF_HOME` instead.
  warnings.warn(
[rank0]: Traceback (most recent call last):
[rank0]:   File "/home/foobarbaz911/.local/share/uv/python/cpython-3.10-linux-x86_64-gnu/lib/python3.10/runpy.py", line 196, in _run_module_as_main
[rank0]:     return _run_code(code, main_globals, None,
[rank0]:   File "/home/foobarbaz911/.local/share/uv/python/cpython-3.10-linux-x86_64-gnu/lib/python3.10/runpy.py", line 86, in _run_code
[rank0]:     exec(code, run_globals)
[rank0]:   File "/home/foobarbaz911/VLM-R1/src/open-r1-multimodal/src/open_r1/grpo_jsonl.py", line 1082, in <module>
[rank0]:     main(script_args, training_args, model_args)
[rank0]:   File "/home/foobarbaz911/VLM-R1/src/open-r1-multimodal/src/open_r1/grpo_jsonl.py", line 966, in main
[rank0]:     with open(data_file, 'r') as f:
[rank0]: FileNotFoundError: [Errno 2] No such file or directory: '/work/foobarbaz911/vlmr1/datasets/grpo_qa_list_fixed.jsonl'
[rank1]: Traceback (most recent call last):
[rank1]:   File "/home/foobarbaz911/.local/share/uv/python/cpython-3.10-linux-x86_64-gnu/lib/python3.10/runpy.py", line 196, in _run_module_as_main
[rank1]:     return _run_code(code, main_globals, None,
[rank1]:   File "/home/foobarbaz911/.local/share/uv/python/cpython-3.10-linux-x86_64-gnu/lib/python3.10/runpy.py", line 86, in _run_code
[rank1]:     exec(code, run_globals)
[rank1]:   File "/home/foobarbaz911/VLM-R1/src/open-r1-multimodal/src/open_r1/grpo_jsonl.py", line 1082, in <module>
[rank1]:     main(script_args, training_args, model_args)
[rank1]:   File "/home/foobarbaz911/VLM-R1/src/open-r1-multimodal/src/open_r1/grpo_jsonl.py", line 966, in main
[rank1]:     with open(data_file, 'r') as f:
[rank1]: FileNotFoundError: [Errno 2] No such file or directory: '/work/foobarbaz911/vlmr1/datasets/grpo_qa_list_fixed.jsonl'
[rank2]: Traceback (most recent call last):
[rank2]:   File "/home/foobarbaz911/.local/share/uv/python/cpython-3.10-linux-x86_64-gnu/lib/python3.10/runpy.py", line 196, in _run_module_as_main
[rank2]:     return _run_code(code, main_globals, None,
[rank2]:   File "/home/foobarbaz911/.local/share/uv/python/cpython-3.10-linux-x86_64-gnu/lib/python3.10/runpy.py", line 86, in _run_code
[rank2]:     exec(code, run_globals)
[rank2]:   File "/home/foobarbaz911/VLM-R1/src/open-r1-multimodal/src/open_r1/grpo_jsonl.py", line 1082, in <module>
[rank2]:     main(script_args, training_args, model_args)
[rank2]:   File "/home/foobarbaz911/VLM-R1/src/open-r1-multimodal/src/open_r1/grpo_jsonl.py", line 966, in main
[rank2]:     with open(data_file, 'r') as f:
[rank2]: FileNotFoundError: [Errno 2] No such file or directory: '/work/foobarbaz911/vlmr1/datasets/grpo_qa_list_fixed.jsonl'
[rank3]: Traceback (most recent call last):
[rank3]:   File "/home/foobarbaz911/.local/share/uv/python/cpython-3.10-linux-x86_64-gnu/lib/python3.10/runpy.py", line 196, in _run_module_as_main
[rank3]:     return _run_code(code, main_globals, None,
[rank3]:   File "/home/foobarbaz911/.local/share/uv/python/cpython-3.10-linux-x86_64-gnu/lib/python3.10/runpy.py", line 86, in _run_code
[rank3]:     exec(code, run_globals)
[rank3]:   File "/home/foobarbaz911/VLM-R1/src/open-r1-multimodal/src/open_r1/grpo_jsonl.py", line 1082, in <module>
[rank3]:     main(script_args, training_args, model_args)
[rank3]:   File "/home/foobarbaz911/VLM-R1/src/open-r1-multimodal/src/open_r1/grpo_jsonl.py", line 966, in main
[rank3]:     with open(data_file, 'r') as f:
[rank3]: FileNotFoundError: [Errno 2] No such file or directory: '/work/foobarbaz911/vlmr1/datasets/grpo_qa_list_fixed.jsonl'
[rank0]:[W308 20:48:12.114261179 ProcessGroupNCCL.cpp:1496] Warning: WARNING: destroy_process_group() was not called before program exit, which can leak resources. For more info, please see https://pytorch.org/docs/stable/distributed.html#shutdown (function operator())
