-----------------
loading CUDA 12.4
-----------------


CondaError: Run 'conda init' before 'conda deactivate'

/home/foobarbaz911/VLM-R1/src/open-r1-multimodal/.venv/lib/python3.12/site-packages/transformers/utils/hub.py:110: FutureWarning: Using `TRANSFORMERS_CACHE` is deprecated and will be removed in v5 of Transformers. Use `HF_HOME` instead.
  warnings.warn(
/home/foobarbaz911/VLM-R1/src/open-r1-multimodal/.venv/lib/python3.12/site-packages/transformers/utils/hub.py:110: FutureWarning: Using `TRANSFORMERS_CACHE` is deprecated and will be removed in v5 of Transformers. Use `HF_HOME` instead.
  warnings.warn(
/home/foobarbaz911/VLM-R1/src/open-r1-multimodal/.venv/lib/python3.12/site-packages/transformers/utils/hub.py:110: FutureWarning: Using `TRANSFORMERS_CACHE` is deprecated and will be removed in v5 of Transformers. Use `HF_HOME` instead.
  warnings.warn(
/home/foobarbaz911/VLM-R1/src/open-r1-multimodal/.venv/lib/python3.12/site-packages/transformers/utils/hub.py:110: FutureWarning: Using `TRANSFORMERS_CACHE` is deprecated and will be removed in v5 of Transformers. Use `HF_HOME` instead.
  warnings.warn(
/home/foobarbaz911/VLM-R1/src/open-r1-multimodal/.venv/lib/python3.12/site-packages/transformers/utils/hub.py:110: FutureWarning: Using `TRANSFORMERS_CACHE` is deprecated and will be removed in v5 of Transformers. Use `HF_HOME` instead.
  warnings.warn(
/home/foobarbaz911/VLM-R1/src/open-r1-multimodal/.venv/lib/python3.12/site-packages/transformers/utils/hub.py:110: FutureWarning: Using `TRANSFORMERS_CACHE` is deprecated and will be removed in v5 of Transformers. Use `HF_HOME` instead.
  warnings.warn(
/home/foobarbaz911/VLM-R1/src/open-r1-multimodal/.venv/lib/python3.12/site-packages/transformers/utils/hub.py:110: FutureWarning: Using `TRANSFORMERS_CACHE` is deprecated and will be removed in v5 of Transformers. Use `HF_HOME` instead.
  warnings.warn(
[rank1]: Traceback (most recent call last):
[rank1]:   File "<frozen runpy>", line 198, in _run_module_as_main
[rank1]:   File "<frozen runpy>", line 88, in _run_code
[rank1]:   File "/home/foobarbaz911/VLM-R1/src/open-r1-multimodal/src/open_r1/grpo_jsonl.py", line 1080, in <module>
[rank1]:     main(script_args, training_args, model_args)
[rank1]:   File "/home/foobarbaz911/VLM-R1/src/open-r1-multimodal/src/open_r1/grpo_jsonl.py", line 939, in main
[rank1]:     reward_funcs = [reward_funcs_registry[func] for func in script_args.reward_funcs]
[rank1]:                     ~~~~~~~~~~~~~~~~~~~~~^^^^^^
[rank1]: KeyError: 'location'
[rank2]: Traceback (most recent call last):
[rank2]:   File "<frozen runpy>", line 198, in _run_module_as_main
[rank2]:   File "<frozen runpy>", line 88, in _run_code
[rank2]:   File "/home/foobarbaz911/VLM-R1/src/open-r1-multimodal/src/open_r1/grpo_jsonl.py", line 1080, in <module>
[rank2]:     main(script_args, training_args, model_args)
[rank2]:   File "/home/foobarbaz911/VLM-R1/src/open-r1-multimodal/src/open_r1/grpo_jsonl.py", line 939, in main
[rank2]:     reward_funcs = [reward_funcs_registry[func] for func in script_args.reward_funcs]
[rank2]:                     ~~~~~~~~~~~~~~~~~~~~~^^^^^^
[rank2]: KeyError: 'location'
[rank3]: Traceback (most recent call last):
[rank3]:   File "<frozen runpy>", line 198, in _run_module_as_main
[rank3]:   File "<frozen runpy>", line 88, in _run_code
[rank3]:   File "/home/foobarbaz911/VLM-R1/src/open-r1-multimodal/src/open_r1/grpo_jsonl.py", line 1080, in <module>
[rank3]:     main(script_args, training_args, model_args)
[rank3]:   File "/home/foobarbaz911/VLM-R1/src/open-r1-multimodal/src/open_r1/grpo_jsonl.py", line 939, in main
[rank3]:     reward_funcs = [reward_funcs_registry[func] for func in script_args.reward_funcs]
[rank3]:                     ~~~~~~~~~~~~~~~~~~~~~^^^^^^
[rank3]: KeyError: 'location'
[rank0]: Traceback (most recent call last):
[rank0]:   File "<frozen runpy>", line 198, in _run_module_as_main
[rank0]:   File "<frozen runpy>", line 88, in _run_code
[rank0]:   File "/home/foobarbaz911/VLM-R1/src/open-r1-multimodal/src/open_r1/grpo_jsonl.py", line 1080, in <module>
[rank0]:     main(script_args, training_args, model_args)
[rank0]:   File "/home/foobarbaz911/VLM-R1/src/open-r1-multimodal/src/open_r1/grpo_jsonl.py", line 939, in main
[rank0]:     reward_funcs = [reward_funcs_registry[func] for func in script_args.reward_funcs]
[rank0]:                     ~~~~~~~~~~~~~~~~~~~~~^^^^^^
[rank0]: KeyError: 'location'
[rank0]:[W305 12:13:04.644574319 ProcessGroupNCCL.cpp:1553] Warning: WARNING: destroy_process_group() was not called before program exit, which can leak resources. For more info, please see https://pytorch.org/docs/stable/distributed.html#shutdown (function operator())
